../Core/Src/LCD_Driver.c:76:13:lcd_write_i2c	24	static
../Core/Src/LCD_Driver.c:82:13:lcd_pulse_enable	16	static
../Core/Src/LCD_Driver.c:91:13:lcd_write4	24	static
../Core/Src/LCD_Driver.c:98:13:lcd_send	24	static
../Core/Src/LCD_Driver.c:110:6:LCD_Clear	8	static
../Core/Src/LCD_Driver.c:116:6:LCD_Home	8	static
../Core/Src/LCD_Driver.c:122:6:LCD_SetCursor	24	static
../Core/Src/LCD_Driver.c:128:6:LCD_Backlight	8	static
../Core/Src/LCD_Driver.c:134:6:LCD_NoBacklight	8	static
../Core/Src/LCD_Driver.c:140:6:LCD_Display	8	static
../Core/Src/LCD_Driver.c:146:6:LCD_NoDisplay	8	static
../Core/Src/LCD_Driver.c:152:6:LCD_Cursor	8	static
../Core/Src/LCD_Driver.c:158:6:LCD_NoCursor	8	static
../Core/Src/LCD_Driver.c:164:6:LCD_ResetDisplayShift	8	static
../Core/Src/LCD_Driver.c:192:6:LCD_LeftToRight	8	static
../Core/Src/LCD_Driver.c:199:6:LCD_ScrollDisplayRight	8	static
../Core/Src/LCD_Driver.c:204:6:LCD_ScrollDisplayLeft	8	static
../Core/Src/LCD_Driver.c:210:6:LCD_PrintStr	16	static
../Core/Src/LCD_Driver.c:217:6:LCD_CreateSpecialChar	24	static
../Core/Src/LCD_Driver.c:227:6:LCD_PrintSpecialChar	16	static
../Core/Src/LCD_Driver.c:234:6:LCD_Init	16	static
../Core/Src/LCD_Driver.c:269:6:LCD_game_win	8	static
../Core/Src/LCD_Driver.c:279:6:LCD_game_loss	8	static
../Core/Src/LCD_Driver.c:287:6:LCD_game_mode	16	static
../Core/Src/LCD_Driver.c:307:6:LCD_write_test	8	static
../Core/Src/LCD_Driver.c:317:6:LCD_set_bomb	16	static
../Core/Src/LCD_Driver.c:334:6:LCD_update_bomb	24	static
../Core/Src/LCD_Driver.c:371:6:LCD_write_hello	168	static
../Core/Src/LCD_Driver.c:425:6:LCD_select_game	8	static
../Core/Src/LCD_Driver.c:453:6:LCD_update_score	32	static
../Core/Src/LCD_Driver.c:472:6:LCD_game_over_pong	40	static
../Core/Src/LCD_Driver.c:482:6:LCD_new_high_score	40	static
