../Core/Src/main.c:306:6:SetGameMode	16	static
../Core/Src/main.c:332:6:InitAudio	24	static
../Core/Src/main.c:356:6:FillBuffer	48	static
../Core/Src/main.c:395:6:HAL_DAC_ConvHalfCpltCallbackCh1	16	static
../Core/Src/main.c:400:6:HAL_DAC_ConvCpltCallbackCh1	16	static
../Core/Src/main.c:404:6:PlayNote	16	static
../Core/Src/main.c:417:6:Minesweeper_InitBoard	72	static
../Core/Src/main.c:502:6:checkWin	16	static
../Core/Src/main.c:522:6:floodReveal	136	dynamic
../Core/Src/main.c:604:23:scaleColor	16	static
../Core/Src/main.c:608:13:colorForNumber	24	static
../Core/Src/main.c:619:6:Minesweeper_Render	48	static
../Core/Src/main.c:683:6:revealTileAtCursor	16	static
../Core/Src/main.c:715:6:toggleFlagAtCursor	16	static
../Core/Src/main.c:738:6:onXPress	8	static
../Core/Src/main.c:743:9:PS2_TransferByte	32	static
../Core/Src/main.c:751:9:PS2_ReadController	48	static
../Core/Src/main.c:775:6:PS2_Init	16	static
../Core/Src/main.c:791:6:PS2_ProcessButtons	24	static
../Core/Src/main.c:904:6:PS2_MainTask	16	static
../Core/Src/main.c:912:6:HAL_TIM_PWM_PulseFinishedCallback	16	static
../Core/Src/main.c:918:6:writeLedsToBuffer	40	static
../Core/Src/main.c:959:6:showLeds	8	static
../Core/Src/main.c:967:6:setPixel	32	static
../Core/Src/main.c:990:5:main	16	static
../Core/Src/main.c:1125:6:SystemClock_Config	96	static
../Core/Src/main.c:1176:13:MX_DAC1_Init	48	static
../Core/Src/main.c:1220:13:MX_I2C1_Init	8	static
../Core/Src/main.c:1268:13:MX_SPI1_Init	8	static
../Core/Src/main.c:1308:13:MX_TIM2_Init	64	static
../Core/Src/main.c:1367:13:MX_TIM6_Init	24	static
../Core/Src/main.c:1403:13:MX_DMA_Init	16	static
../Core/Src/main.c:1425:13:MX_GPIO_Init	64	static
../Core/Src/main.c:1662:6:Error_Handler	4	static,ignoring_inline_asm
