../Core/Src/main.c:258:6:InitAudio	24	static
../Core/Src/main.c:282:6:FillBuffer	48	static
../Core/Src/main.c:321:6:HAL_DAC_ConvHalfCpltCallbackCh1	16	static
../Core/Src/main.c:326:6:HAL_DAC_ConvCpltCallbackCh1	16	static
../Core/Src/main.c:330:6:PlayNote	16	static
../Core/Src/main.c:343:6:Minesweeper_InitBoard	72	static
../Core/Src/main.c:427:6:checkWin	16	static
../Core/Src/main.c:447:6:floodReveal	3136	static
../Core/Src/main.c:529:23:scaleColor	16	static
../Core/Src/main.c:533:13:colorForNumber	24	static
../Core/Src/main.c:544:6:Minesweeper_Render	48	static
../Core/Src/main.c:625:6:revealTileAtCursor	16	static
../Core/Src/main.c:656:6:toggleFlagAtCursor	16	static
../Core/Src/main.c:667:6:onXPress	8	static
../Core/Src/main.c:672:9:PS2_TransferByte	32	static
../Core/Src/main.c:680:9:PS2_ReadController	48	static
../Core/Src/main.c:704:6:PS2_Init	16	static
../Core/Src/main.c:720:6:PS2_ProcessButtons	24	static
../Core/Src/main.c:793:6:PS2_MainTask	16	static
../Core/Src/main.c:801:6:HAL_TIM_PWM_PulseFinishedCallback	16	static
../Core/Src/main.c:807:6:writeLedsToBuffer	40	static
../Core/Src/main.c:848:6:showLeds	8	static
../Core/Src/main.c:856:6:setPixel	32	static
../Core/Src/main.c:877:5:main	16	static
../Core/Src/main.c:1001:6:SystemClock_Config	96	static
../Core/Src/main.c:1052:13:MX_DAC1_Init	48	static
../Core/Src/main.c:1096:13:MX_SPI1_Init	8	static
../Core/Src/main.c:1136:13:MX_TIM2_Init	64	static
../Core/Src/main.c:1195:13:MX_TIM6_Init	24	static
../Core/Src/main.c:1231:13:MX_DMA_Init	16	static
../Core/Src/main.c:1253:13:MX_GPIO_Init	64	static
../Core/Src/main.c:1498:6:Error_Handler	4	static,ignoring_inline_asm
