../Core/Src/main.c:328:6:SetGameMode	16	static
../Core/Src/main.c:356:6:InitAudio	24	static
../Core/Src/main.c:380:6:FillBuffer	48	static
../Core/Src/main.c:419:6:HAL_DAC_ConvHalfCpltCallbackCh1	16	static
../Core/Src/main.c:424:6:HAL_DAC_ConvCpltCallbackCh1	16	static
../Core/Src/main.c:428:6:PlayNote	16	static
../Core/Src/main.c:441:6:Minesweeper_InitBoard	72	static
../Core/Src/main.c:528:6:checkWin	16	static
../Core/Src/main.c:548:6:floodReveal	136	dynamic
../Core/Src/main.c:630:23:scaleColor	16	static
../Core/Src/main.c:634:13:colorForNumber	24	static
../Core/Src/main.c:645:6:Minesweeper_Render	48	static
../Core/Src/main.c:709:6:revealTileAtCursor	16	static
../Core/Src/main.c:742:6:toggleFlagAtCursor	16	static
../Core/Src/main.c:773:6:onXPress	8	static
../Core/Src/main.c:778:9:PS2_TransferByte	32	static
../Core/Src/main.c:786:9:PS2_ReadController	48	static
../Core/Src/main.c:810:6:PS2_Init	16	static
../Core/Src/main.c:826:6:PS2_ProcessButtons	24	static
../Core/Src/main.c:1008:6:PS2_MainTask	16	static
../Core/Src/main.c:1016:6:HAL_TIM_PWM_PulseFinishedCallback	16	static
../Core/Src/main.c:1021:6:clearLED	24	static
../Core/Src/main.c:1030:6:writeLedsToBuffer	40	static
../Core/Src/main.c:1071:6:showLeds	8	static
../Core/Src/main.c:1079:6:setPixel	32	static
../Core/Src/main.c:1096:6:playMinesweeper	8	static
../Core/Src/main.c:1360:6:playPong	96	static
../Core/Src/main.c:1585:5:main	16	static
../Core/Src/main.c:1757:6:SystemClock_Config	96	static
../Core/Src/main.c:1808:13:MX_DAC1_Init	48	static
../Core/Src/main.c:1852:13:MX_I2C1_Init	8	static
../Core/Src/main.c:1900:13:MX_SPI1_Init	8	static
../Core/Src/main.c:1940:13:MX_TIM2_Init	64	static
../Core/Src/main.c:1999:13:MX_TIM6_Init	24	static
../Core/Src/main.c:2035:13:MX_DMA_Init	16	static
../Core/Src/main.c:2057:13:MX_GPIO_Init	64	static
../Core/Src/main.c:2294:6:Error_Handler	4	static,ignoring_inline_asm
