../Core/Src/main.c:63:6:HAL_TIM_PWM_PulseFinishedCallback	16	static
../Core/Src/main.c:84:6:writeLedsToBuffer	40	static
../Core/Src/main.c:125:6:showLeds	8	static
../Core/Src/main.c:133:6:setPixel	32	static
../Core/Src/main.c:154:5:main	8	static
../Core/Src/main.c:209:6:show373	336	static
../Core/Src/main.c:294:6:showLogo	16	static
../Core/Src/main.c:368:6:SystemClock_Config	96	static
../Core/Src/main.c:419:13:MX_TIM2_Init	64	static
../Core/Src/main.c:476:13:MX_DMA_Init	16	static
../Core/Src/main.c:495:13:MX_GPIO_Init	64	static
../Core/Src/main.c:738:6:Error_Handler	4	static,ignoring_inline_asm
