../Core/Src/main.c:63:6:HAL_TIM_PWM_PulseFinishedCallback	16	static
../Core/Src/main.c:84:6:writeLedsToBuffer	40	static
../Core/Src/main.c:125:6:showLeds	8	static
../Core/Src/main.c:129:6:show373	336	static
../Core/Src/main.c:220:5:main	32	static
../Core/Src/main.c:333:6:SystemClock_Config	96	static
../Core/Src/main.c:384:13:MX_TIM2_Init	64	static
../Core/Src/main.c:441:13:MX_DMA_Init	16	static
../Core/Src/main.c:460:13:MX_GPIO_Init	64	static
../Core/Src/main.c:703:6:Error_Handler	4	static,ignoring_inline_asm
