../Core/Src/main.c:136:6:setTone	24	static
../Core/Src/main.c:162:6:onXPress	16	static
../Core/Src/main.c:175:9:PS2_TransferByte	32	static
../Core/Src/main.c:183:9:PS2_ReadController	48	static
../Core/Src/main.c:207:6:PS2_Init	16	static
../Core/Src/main.c:223:6:PS2_ProcessButtons	24	static
../Core/Src/main.c:272:6:PS2_MainTask	16	static
../Core/Src/main.c:280:6:HAL_TIM_PWM_PulseFinishedCallback	16	static
../Core/Src/main.c:286:6:writeLedsToBuffer	40	static
../Core/Src/main.c:327:6:showLeds	8	static
../Core/Src/main.c:335:6:setPixel	32	static
../Core/Src/main.c:356:5:main	32	static
../Core/Src/main.c:434:6:show373	336	static
../Core/Src/main.c:519:6:showLogo	16	static
../Core/Src/main.c:594:6:SystemClock_Config	96	static
../Core/Src/main.c:645:13:MX_DAC1_Init	48	static
../Core/Src/main.c:689:13:MX_SPI1_Init	8	static
../Core/Src/main.c:729:13:MX_TIM2_Init	64	static
../Core/Src/main.c:788:13:MX_TIM6_Init	24	static
../Core/Src/main.c:824:13:MX_DMA_Init	16	static
../Core/Src/main.c:846:13:MX_GPIO_Init	64	static
../Core/Src/main.c:1091:6:Error_Handler	4	static,ignoring_inline_asm
