../Core/Src/main.c:319:6:SetGameMode	4
../Core/Src/main.c:345:6:InitAudio	3
../Core/Src/main.c:369:6:FillBuffer	6
../Core/Src/main.c:408:6:HAL_DAC_ConvHalfCpltCallbackCh1	1
../Core/Src/main.c:413:6:HAL_DAC_ConvCpltCallbackCh1	1
../Core/Src/main.c:417:6:PlayNote	3
../Core/Src/main.c:430:6:Minesweeper_InitBoard	24
../Core/Src/main.c:516:6:checkWin	6
../Core/Src/main.c:536:6:floodReveal	24
../Core/Src/main.c:618:23:scaleColor	1
../Core/Src/main.c:622:13:colorForNumber	5
../Core/Src/main.c:633:6:Minesweeper_Render	22
../Core/Src/main.c:697:6:revealTileAtCursor	6
../Core/Src/main.c:729:6:toggleFlagAtCursor	5
../Core/Src/main.c:752:6:onXPress	1
../Core/Src/main.c:757:9:PS2_TransferByte	1
../Core/Src/main.c:765:9:PS2_ReadController	1
../Core/Src/main.c:789:6:PS2_Init	2
../Core/Src/main.c:805:6:PS2_ProcessButtons	26
../Core/Src/main.c:933:6:PS2_MainTask	1
../Core/Src/main.c:941:6:HAL_TIM_PWM_PulseFinishedCallback	1
../Core/Src/main.c:947:6:writeLedsToBuffer	9
../Core/Src/main.c:988:6:showLeds	1
../Core/Src/main.c:996:6:setPixel	2
../Core/Src/main.c:1019:5:main	13
../Core/Src/main.c:1163:6:SystemClock_Config	4
../Core/Src/main.c:1214:13:MX_DAC1_Init	3
../Core/Src/main.c:1258:13:MX_I2C1_Init	4
../Core/Src/main.c:1306:13:MX_SPI1_Init	2
../Core/Src/main.c:1346:13:MX_TIM2_Init	6
../Core/Src/main.c:1405:13:MX_TIM6_Init	3
../Core/Src/main.c:1441:13:MX_DMA_Init	1
../Core/Src/main.c:1463:13:MX_GPIO_Init	1
../Core/Src/main.c:1700:6:Error_Handler	1
