../Core/Src/main.c:189:6:setTone	24	static
../Core/Src/main.c:212:6:Minesweeper_InitBoard	72	static
../Core/Src/main.c:296:6:checkWin	16	static
../Core/Src/main.c:316:6:floodReveal	3136	static
../Core/Src/main.c:398:23:scaleColor	16	static
../Core/Src/main.c:402:13:colorForNumber	24	static
../Core/Src/main.c:413:6:Minesweeper_Render	48	static
../Core/Src/main.c:494:6:revealTileAtCursor	16	static
../Core/Src/main.c:525:6:toggleFlagAtCursor	16	static
../Core/Src/main.c:536:6:onXPress	8	static
../Core/Src/main.c:541:9:PS2_TransferByte	32	static
../Core/Src/main.c:549:9:PS2_ReadController	48	static
../Core/Src/main.c:573:6:PS2_Init	16	static
../Core/Src/main.c:589:6:PS2_ProcessButtons	24	static
../Core/Src/main.c:660:6:PS2_MainTask	16	static
../Core/Src/main.c:668:6:HAL_TIM_PWM_PulseFinishedCallback	16	static
../Core/Src/main.c:674:6:writeLedsToBuffer	40	static
../Core/Src/main.c:715:6:showLeds	8	static
../Core/Src/main.c:723:6:setPixel	32	static
../Core/Src/main.c:744:5:main	32	static
../Core/Src/main.c:843:6:show373	336	static
../Core/Src/main.c:928:6:showLogo	16	static
../Core/Src/main.c:1003:6:SystemClock_Config	96	static
../Core/Src/main.c:1054:13:MX_DAC1_Init	48	static
../Core/Src/main.c:1098:13:MX_SPI1_Init	8	static
../Core/Src/main.c:1138:13:MX_TIM2_Init	64	static
../Core/Src/main.c:1197:13:MX_TIM6_Init	24	static
../Core/Src/main.c:1233:13:MX_DMA_Init	16	static
../Core/Src/main.c:1255:13:MX_GPIO_Init	64	static
../Core/Src/main.c:1500:6:Error_Handler	4	static,ignoring_inline_asm
