../Core/Src/main.c:319:6:SetGameMode	16	static
../Core/Src/main.c:345:6:InitAudio	24	static
../Core/Src/main.c:369:6:FillBuffer	48	static
../Core/Src/main.c:408:6:HAL_DAC_ConvHalfCpltCallbackCh1	16	static
../Core/Src/main.c:413:6:HAL_DAC_ConvCpltCallbackCh1	16	static
../Core/Src/main.c:417:6:PlayNote	16	static
../Core/Src/main.c:430:6:Minesweeper_InitBoard	72	static
../Core/Src/main.c:516:6:checkWin	16	static
../Core/Src/main.c:536:6:floodReveal	136	dynamic
../Core/Src/main.c:618:23:scaleColor	16	static
../Core/Src/main.c:622:13:colorForNumber	24	static
../Core/Src/main.c:633:6:Minesweeper_Render	48	static
../Core/Src/main.c:697:6:revealTileAtCursor	16	static
../Core/Src/main.c:729:6:toggleFlagAtCursor	16	static
../Core/Src/main.c:752:6:onXPress	8	static
../Core/Src/main.c:757:9:PS2_TransferByte	32	static
../Core/Src/main.c:765:9:PS2_ReadController	48	static
../Core/Src/main.c:789:6:PS2_Init	16	static
../Core/Src/main.c:805:6:PS2_ProcessButtons	24	static
../Core/Src/main.c:933:6:PS2_MainTask	16	static
../Core/Src/main.c:941:6:HAL_TIM_PWM_PulseFinishedCallback	16	static
../Core/Src/main.c:947:6:writeLedsToBuffer	40	static
../Core/Src/main.c:988:6:showLeds	8	static
../Core/Src/main.c:996:6:setPixel	32	static
../Core/Src/main.c:1019:5:main	16	static
../Core/Src/main.c:1163:6:SystemClock_Config	96	static
../Core/Src/main.c:1214:13:MX_DAC1_Init	48	static
../Core/Src/main.c:1258:13:MX_I2C1_Init	8	static
../Core/Src/main.c:1306:13:MX_SPI1_Init	8	static
../Core/Src/main.c:1346:13:MX_TIM2_Init	64	static
../Core/Src/main.c:1405:13:MX_TIM6_Init	24	static
../Core/Src/main.c:1441:13:MX_DMA_Init	16	static
../Core/Src/main.c:1463:13:MX_GPIO_Init	64	static
../Core/Src/main.c:1700:6:Error_Handler	4	static,ignoring_inline_asm
