../Core/Src/main.c:255:6:InitAudio	24	static
../Core/Src/main.c:279:6:FillBuffer	48	static
../Core/Src/main.c:318:6:HAL_DAC_ConvHalfCpltCallbackCh1	16	static
../Core/Src/main.c:323:6:HAL_DAC_ConvCpltCallbackCh1	16	static
../Core/Src/main.c:327:6:PlayNote	16	static
../Core/Src/main.c:340:6:Minesweeper_InitBoard	72	static
../Core/Src/main.c:424:6:checkWin	16	static
../Core/Src/main.c:444:6:floodReveal	3136	static
../Core/Src/main.c:526:23:scaleColor	16	static
../Core/Src/main.c:530:13:colorForNumber	24	static
../Core/Src/main.c:541:6:Minesweeper_Render	48	static
../Core/Src/main.c:622:6:revealTileAtCursor	16	static
../Core/Src/main.c:653:6:toggleFlagAtCursor	16	static
../Core/Src/main.c:664:6:onXPress	8	static
../Core/Src/main.c:669:9:PS2_TransferByte	32	static
../Core/Src/main.c:677:9:PS2_ReadController	48	static
../Core/Src/main.c:701:6:PS2_Init	16	static
../Core/Src/main.c:717:6:PS2_ProcessButtons	24	static
../Core/Src/main.c:788:6:PS2_MainTask	16	static
../Core/Src/main.c:796:6:HAL_TIM_PWM_PulseFinishedCallback	16	static
../Core/Src/main.c:802:6:writeLedsToBuffer	40	static
../Core/Src/main.c:843:6:showLeds	8	static
../Core/Src/main.c:851:6:setPixel	32	static
../Core/Src/main.c:872:5:main	16	static
../Core/Src/main.c:966:6:show373	336	static
../Core/Src/main.c:1051:6:showLogo	16	static
../Core/Src/main.c:1126:6:SystemClock_Config	96	static
../Core/Src/main.c:1177:13:MX_DAC1_Init	48	static
../Core/Src/main.c:1221:13:MX_SPI1_Init	8	static
../Core/Src/main.c:1261:13:MX_TIM2_Init	64	static
../Core/Src/main.c:1320:13:MX_TIM6_Init	24	static
../Core/Src/main.c:1356:13:MX_DMA_Init	16	static
../Core/Src/main.c:1378:13:MX_GPIO_Init	64	static
../Core/Src/main.c:1623:6:Error_Handler	4	static,ignoring_inline_asm
