../Core/Src/main.c:66:6:HAL_TIM_PWM_PulseFinishedCallback	16	static
../Core/Src/main.c:87:6:writeLedsToBuffer	40	static
../Core/Src/main.c:128:6:showLeds	8	static
../Core/Src/main.c:133:6:clearScreen	16	static
../Core/Src/main.c:141:6:setPixel	32	static
../Core/Src/main.c:162:5:main	8	static
../Core/Src/main.c:214:6:playPong	64	static
../Core/Src/main.c:367:6:show373	336	static
../Core/Src/main.c:452:6:showLogo	16	static
../Core/Src/main.c:526:6:SystemClock_Config	96	static
../Core/Src/main.c:577:13:MX_ADC1_Init	32	static
../Core/Src/main.c:635:13:MX_TIM2_Init	64	static
../Core/Src/main.c:692:13:MX_DMA_Init	16	static
../Core/Src/main.c:711:13:MX_GPIO_Init	64	static
../Core/Src/main.c:934:6:Error_Handler	4	static,ignoring_inline_asm
