../Core/Src/main.c:206:6:InitAudio	24	static
../Core/Src/main.c:230:6:FillBuffer	48	static
../Core/Src/main.c:269:6:HAL_DAC_ConvHalfCpltCallbackCh1	16	static
../Core/Src/main.c:274:6:HAL_DAC_ConvCpltCallbackCh1	16	static
../Core/Src/main.c:278:6:PlayNote	16	static
../Core/Src/main.c:291:6:Minesweeper_InitBoard	72	static
../Core/Src/main.c:375:6:checkWin	16	static
../Core/Src/main.c:395:6:floodReveal	3136	static
../Core/Src/main.c:477:23:scaleColor	16	static
../Core/Src/main.c:481:13:colorForNumber	24	static
../Core/Src/main.c:492:6:Minesweeper_Render	48	static
../Core/Src/main.c:573:6:revealTileAtCursor	16	static
../Core/Src/main.c:604:6:toggleFlagAtCursor	16	static
../Core/Src/main.c:615:6:onXPress	8	static
../Core/Src/main.c:620:9:PS2_TransferByte	32	static
../Core/Src/main.c:628:9:PS2_ReadController	48	static
../Core/Src/main.c:652:6:PS2_Init	16	static
../Core/Src/main.c:668:6:PS2_ProcessButtons	24	static
../Core/Src/main.c:739:6:PS2_MainTask	16	static
../Core/Src/main.c:747:6:HAL_TIM_PWM_PulseFinishedCallback	16	static
../Core/Src/main.c:753:6:writeLedsToBuffer	40	static
../Core/Src/main.c:794:6:showLeds	8	static
../Core/Src/main.c:802:6:setPixel	32	static
../Core/Src/main.c:823:5:main	8	static
../Core/Src/main.c:921:6:show373	336	static
../Core/Src/main.c:1006:6:showLogo	16	static
../Core/Src/main.c:1081:6:SystemClock_Config	96	static
../Core/Src/main.c:1132:13:MX_DAC1_Init	48	static
../Core/Src/main.c:1176:13:MX_SPI1_Init	8	static
../Core/Src/main.c:1216:13:MX_TIM2_Init	64	static
../Core/Src/main.c:1275:13:MX_TIM6_Init	24	static
../Core/Src/main.c:1311:13:MX_DMA_Init	16	static
../Core/Src/main.c:1333:13:MX_GPIO_Init	64	static
../Core/Src/main.c:1578:6:Error_Handler	4	static,ignoring_inline_asm
