../Core/Src/main.c:306:6:SetGameMode	4
../Core/Src/main.c:332:6:InitAudio	3
../Core/Src/main.c:356:6:FillBuffer	6
../Core/Src/main.c:395:6:HAL_DAC_ConvHalfCpltCallbackCh1	1
../Core/Src/main.c:400:6:HAL_DAC_ConvCpltCallbackCh1	1
../Core/Src/main.c:404:6:PlayNote	3
../Core/Src/main.c:417:6:Minesweeper_InitBoard	24
../Core/Src/main.c:502:6:checkWin	6
../Core/Src/main.c:522:6:floodReveal	24
../Core/Src/main.c:604:23:scaleColor	1
../Core/Src/main.c:608:13:colorForNumber	5
../Core/Src/main.c:619:6:Minesweeper_Render	22
../Core/Src/main.c:683:6:revealTileAtCursor	6
../Core/Src/main.c:715:6:toggleFlagAtCursor	5
../Core/Src/main.c:738:6:onXPress	1
../Core/Src/main.c:743:9:PS2_TransferByte	1
../Core/Src/main.c:751:9:PS2_ReadController	1
../Core/Src/main.c:775:6:PS2_Init	2
../Core/Src/main.c:791:6:PS2_ProcessButtons	24
../Core/Src/main.c:904:6:PS2_MainTask	1
../Core/Src/main.c:912:6:HAL_TIM_PWM_PulseFinishedCallback	1
../Core/Src/main.c:918:6:writeLedsToBuffer	9
../Core/Src/main.c:959:6:showLeds	1
../Core/Src/main.c:967:6:setPixel	2
../Core/Src/main.c:990:5:main	12
../Core/Src/main.c:1125:6:SystemClock_Config	4
../Core/Src/main.c:1176:13:MX_DAC1_Init	3
../Core/Src/main.c:1220:13:MX_I2C1_Init	4
../Core/Src/main.c:1268:13:MX_SPI1_Init	2
../Core/Src/main.c:1308:13:MX_TIM2_Init	6
../Core/Src/main.c:1367:13:MX_TIM6_Init	3
../Core/Src/main.c:1403:13:MX_DMA_Init	1
../Core/Src/main.c:1425:13:MX_GPIO_Init	1
../Core/Src/main.c:1662:6:Error_Handler	1
