../Core/Src/main.c:257:6:InitAudio	24	static
../Core/Src/main.c:281:6:FillBuffer	48	static
../Core/Src/main.c:320:6:HAL_DAC_ConvHalfCpltCallbackCh1	16	static
../Core/Src/main.c:325:6:HAL_DAC_ConvCpltCallbackCh1	16	static
../Core/Src/main.c:329:6:PlayNote	16	static
../Core/Src/main.c:342:6:Minesweeper_InitBoard	72	static
../Core/Src/main.c:426:6:checkWin	16	static
../Core/Src/main.c:446:6:floodReveal	3136	static
../Core/Src/main.c:528:23:scaleColor	16	static
../Core/Src/main.c:532:13:colorForNumber	24	static
../Core/Src/main.c:543:6:Minesweeper_Render	48	static
../Core/Src/main.c:624:6:revealTileAtCursor	16	static
../Core/Src/main.c:655:6:toggleFlagAtCursor	16	static
../Core/Src/main.c:666:6:onXPress	8	static
../Core/Src/main.c:671:9:PS2_TransferByte	32	static
../Core/Src/main.c:679:9:PS2_ReadController	48	static
../Core/Src/main.c:703:6:PS2_Init	16	static
../Core/Src/main.c:719:6:PS2_ProcessButtons	24	static
../Core/Src/main.c:792:6:PS2_MainTask	16	static
../Core/Src/main.c:800:6:HAL_TIM_PWM_PulseFinishedCallback	16	static
../Core/Src/main.c:806:6:writeLedsToBuffer	40	static
../Core/Src/main.c:847:6:showLeds	8	static
../Core/Src/main.c:855:6:setPixel	32	static
../Core/Src/main.c:876:5:main	16	static
../Core/Src/main.c:999:6:show373	336	static
../Core/Src/main.c:1084:6:showLogo	16	static
../Core/Src/main.c:1159:6:SystemClock_Config	96	static
../Core/Src/main.c:1210:13:MX_DAC1_Init	48	static
../Core/Src/main.c:1254:13:MX_SPI1_Init	8	static
../Core/Src/main.c:1294:13:MX_TIM2_Init	64	static
../Core/Src/main.c:1353:13:MX_TIM6_Init	24	static
../Core/Src/main.c:1389:13:MX_DMA_Init	16	static
../Core/Src/main.c:1411:13:MX_GPIO_Init	64	static
../Core/Src/main.c:1656:6:Error_Handler	4	static,ignoring_inline_asm
