../Core/Src/main.c:98:9:PS2_TransferByte	32	static
../Core/Src/main.c:106:9:PS2_ReadController	48	static
../Core/Src/main.c:130:6:PS2_Init	16	static
../Core/Src/main.c:152:6:PS2_ProcessButtons	24	static
../Core/Src/main.c:185:6:PS2_MainTask	16	static
../Core/Src/main.c:193:6:HAL_TIM_PWM_PulseFinishedCallback	16	static
../Core/Src/main.c:214:6:writeLedsToBuffer	40	static
../Core/Src/main.c:255:6:showLeds	8	static
../Core/Src/main.c:263:6:setPixel	32	static
../Core/Src/main.c:284:5:main	16	static
../Core/Src/main.c:343:6:show373	336	static
../Core/Src/main.c:428:6:showLogo	16	static
../Core/Src/main.c:502:6:SystemClock_Config	96	static
../Core/Src/main.c:553:13:MX_SPI1_Init	8	static
../Core/Src/main.c:593:13:MX_TIM2_Init	64	static
../Core/Src/main.c:650:13:MX_DMA_Init	16	static
../Core/Src/main.c:669:13:MX_GPIO_Init	64	static
../Core/Src/main.c:914:6:Error_Handler	4	static,ignoring_inline_asm
